인스턴스 생성 자동 시도를 시작합니다. (목표 개수: 2)

[2026-05-06 12:18:24] 상태 확인 중...
현재 활성 인스턴스 개수: 1 (전체 목록: 1)
[2026-05-06 12:18:25] 인스턴스 생성을 요청합니다...
실패 (상태 코드: 500)
{'code': 'InternalError', 'message': 'Out of host capacity.'}
1분 후 재시도합니다...

[2026-05-06 12:19:56] 상태 확인 중...
현재 활성 인스턴스 개수: 1 (전체 목록: 1)
[2026-05-06 12:19:56] 인스턴스 생성을 요청합니다...
실패 (상태 코드: 500)
{'code': 'InternalError', 'message': 'Out of host capacity.'}
1분 후 재시도합니다...

[2026-05-06 12:21:27] 상태 확인 중...
현재 활성 인스턴스 개수: 1 (전체 목록: 1)
[2026-05-06 12:21:28] 인스턴스 생성을 요청합니다...
실패 (상태 코드: 500)
{'code': 'InternalError', 'message': 'Out of host capacity.'}
1분 후 재시도합니다...

[2026-05-06 12:22:59] 상태 확인 중...
현재 활성 인스턴스 개수: 1 (전체 목록: 1)
[2026-05-06 12:22:59] 인스턴스 생성을 요청합니다...
실패 (상태 코드: 500)
{'code': 'InternalError', 'message': 'Out of host capacity.'}
1분 후 재시도합니다...

[2026-05-06 12:24:30] 상태 확인 중...
현재 활성 인스턴스 개수: 1 (전체 목록: 1)
[2026-05-06 12:24:31] 인스턴스 생성을 요청합니다...
실패 (상태 코드: 500)
{'code': 'InternalError', 'message': 'Out of host capacity.'}
1분 후 재시도합니다...

[2026-05-06 12:26:02] 상태 확인 중...
❌ 오류 발생: OCIConnectionPool(host='iaas.ap-chuncheon-1.oraclecloud.com', port=443): Max retries exceeded with url: /20160918/instances/?compartmentId=ocid1.tenancy.oc1..aaaaaaaanffd7jnemrvoaugzcrhw3qmqias7dnou5n42abi3tbfg5yrhaqpq (Caused by NameResolutionError("OCIConnection(host='iaas.ap-chuncheon-1.oraclecloud.com', port=443): Failed to resolve 'iaas.ap-chuncheon-1.oraclecloud.com' ([Errno 8] nodename nor servname provided, or not known)"))
1분 후 재시도합니다...

[2026-05-06 12:27:32] 상태 확인 중...
현재 활성 인스턴스 개수: 1 (전체 목록: 1)
[2026-05-06 12:27:33] 인스턴스 생성을 요청합니다...
실패 (상태 코드: 500)
{'code': 'InternalError', 'message': 'Out of host capacity.'}
1분 후 재시도합니다...

[2026-05-06 12:29:04] 상태 확인 중...
현재 활성 인스턴스 개수: 1 (전체 목록: 1)
[2026-05-06 12:29:04] 인스턴스 생성을 요청합니다...
실패 (상태 코드: 500)
{'code': 'InternalError', 'message': 'Out of host capacity.'}
1분 후 재시도합니다...

[2026-05-06 12:30:35] 상태 확인 중...
❌ 오류 발생: OCIConnectionPool(host='iaas.ap-chuncheon-1.oraclecloud.com', port=443): Max retries exceeded with url: /20160918/instances/?compartmentId=ocid1.tenancy.oc1..aaaaaaaanffd7jnemrvoaugzcrhw3qmqias7dnou5n42abi3tbfg5yrhaqpq (Caused by NameResolutionError("OCIConnection(host='iaas.ap-chuncheon-1.oraclecloud.com', port=443): Failed to resolve 'iaas.ap-chuncheon-1.oraclecloud.com' ([Errno 8] nodename nor servname provided, or not known)"))
1분 후 재시도합니다...

[2026-05-06 12:32:05] 상태 확인 중...
❌ 오류 발생: OCIConnectionPool(host='iaas.ap-chuncheon-1.oraclecloud.com', port=443): Max retries exceeded with url: /20160918/instances/?compartmentId=ocid1.tenancy.oc1..aaaaaaaanffd7jnemrvoaugzcrhw3qmqias7dnou5n42abi3tbfg5yrhaqpq (Caused by NameResolutionError("OCIConnection(host='iaas.ap-chuncheon-1.oraclecloud.com', port=443): Failed to resolve 'iaas.ap-chuncheon-1.oraclecloud.com' ([Errno 8] nodename nor servname provided, or not known)"))
1분 후 재시도합니다...

[2026-05-06 12:33:35] 상태 확인 중...
❌ 오류 발생: OCIConnectionPool(host='iaas.ap-chuncheon-1.oraclecloud.com', port=443): Max retries exceeded with url: /20160918/instances/?compartmentId=ocid1.tenancy.oc1..aaaaaaaanffd7jnemrvoaugzcrhw3qmqias7dnou5n42abi3tbfg5yrhaqpq (Caused by NameResolutionError("OCIConnection(host='iaas.ap-chuncheon-1.oraclecloud.com', port=443): Failed to resolve 'iaas.ap-chuncheon-1.oraclecloud.com' ([Errno 8] nodename nor servname provided, or not known)"))
1분 후 재시도합니다...

[2026-05-06 12:35:05] 상태 확인 중...
❌ 오류 발생: OCIConnectionPool(host='iaas.ap-chuncheon-1.oraclecloud.com', port=443): Max retries exceeded with url: /20160918/instances/?compartmentId=ocid1.tenancy.oc1..aaaaaaaanffd7jnemrvoaugzcrhw3qmqias7dnou5n42abi3tbfg5yrhaqpq (Caused by NameResolutionError("OCIConnection(host='iaas.ap-chuncheon-1.oraclecloud.com', port=443): Failed to resolve 'iaas.ap-chuncheon-1.oraclecloud.com' ([Errno 8] nodename nor servname provided, or not known)"))
1분 후 재시도합니다...

[2026-05-06 12:36:35] 상태 확인 중...
❌ 오류 발생: OCIConnectionPool(host='iaas.ap-chuncheon-1.oraclecloud.com', port=443): Max retries exceeded with url: /20160918/instances/?compartmentId=ocid1.tenancy.oc1..aaaaaaaanffd7jnemrvoaugzcrhw3qmqias7dnou5n42abi3tbfg5yrhaqpq (Caused by NameResolutionError("OCIConnection(host='iaas.ap-chuncheon-1.oraclecloud.com', port=443): Failed to resolve 'iaas.ap-chuncheon-1.oraclecloud.com' ([Errno 8] nodename nor servname provided, or not known)"))
1분 후 재시도합니다...

[2026-05-06 12:38:05] 상태 확인 중...
❌ 오류 발생: OCIConnectionPool(host='iaas.ap-chuncheon-1.oraclecloud.com', port=443): Max retries exceeded with url: /20160918/instances/?compartmentId=ocid1.tenancy.oc1..aaaaaaaanffd7jnemrvoaugzcrhw3qmqias7dnou5n42abi3tbfg5yrhaqpq (Caused by NameResolutionError("OCIConnection(host='iaas.ap-chuncheon-1.oraclecloud.com', port=443): Failed to resolve 'iaas.ap-chuncheon-1.oraclecloud.com' ([Errno 8] nodename nor servname provided, or not known)"))
1분 후 재시도합니다...

[2026-05-06 12:39:36] 상태 확인 중...
현재 활성 인스턴스 개수: 1 (전체 목록: 1)
[2026-05-06 12:39:36] 인스턴스 생성을 요청합니다...
실패 (상태 코드: 500)
{'code': 'InternalError', 'message': 'Out of host capacity.'}
1분 후 재시도합니다...

[2026-05-06 12:41:07] 상태 확인 중...
현재 활성 인스턴스 개수: 1 (전체 목록: 1)
[2026-05-06 12:41:08] 인스턴스 생성을 요청합니다...
실패 (상태 코드: 500)
{'code': 'InternalError', 'message': 'Out of host capacity.'}
1분 후 재시도합니다...

[2026-05-06 12:42:39] 상태 확인 중...
현재 활성 인스턴스 개수: 1 (전체 목록: 1)
[2026-05-06 12:42:39] 인스턴스 생성을 요청합니다...
실패 (상태 코드: 500)
{'code': 'InternalError', 'message': 'Out of host capacity.'}
1분 후 재시도합니다...

[2026-05-06 12:44:10] 상태 확인 중...
현재 활성 인스턴스 개수: 1 (전체 목록: 1)
[2026-05-06 12:44:12] 인스턴스 생성을 요청합니다...
실패 (상태 코드: 500)
{'code': 'InternalError', 'message': 'Out of host capacity.'}
1분 후 재시도합니다...

[2026-05-06 12:45:44] 상태 확인 중...
현재 활성 인스턴스 개수: 1 (전체 목록: 1)
[2026-05-06 12:45:44] 인스턴스 생성을 요청합니다...
실패 (상태 코드: 500)
{'code': 'InternalError', 'message': 'Out of host capacity.'}
1분 후 재시도합니다...

[2026-05-06 12:47:15] 상태 확인 중...
현재 활성 인스턴스 개수: 1 (전체 목록: 1)
[2026-05-06 12:47:16] 인스턴스 생성을 요청합니다...
실패 (상태 코드: 500)
{'code': 'InternalError', 'message': 'Out of host capacity.'}
1분 후 재시도합니다...

[2026-05-06 13:06:37] 상태 확인 중...
❌ 오류 발생: OCIConnectionPool(host='iaas.ap-chuncheon-1.oraclecloud.com', port=443): Max retries exceeded with url: /20160918/instances/?compartmentId=ocid1.tenancy.oc1..aaaaaaaanffd7jnemrvoaugzcrhw3qmqias7dnou5n42abi3tbfg5yrhaqpq (Caused by NameResolutionError("OCIConnection(host='iaas.ap-chuncheon-1.oraclecloud.com', port=443): Failed to resolve 'iaas.ap-chuncheon-1.oraclecloud.com' ([Errno 8] nodename nor servname provided, or not known)"))
1분 후 재시도합니다...

[2026-05-06 14:28:46] 상태 확인 중...
❌ 오류 발생: OCIConnectionPool(host='iaas.ap-chuncheon-1.oraclecloud.com', port=443): Max retries exceeded with url: /20160918/instances/?compartmentId=ocid1.tenancy.oc1..aaaaaaaanffd7jnemrvoaugzcrhw3qmqias7dnou5n42abi3tbfg5yrhaqpq (Caused by NameResolutionError("OCIConnection(host='iaas.ap-chuncheon-1.oraclecloud.com', port=443): Failed to resolve 'iaas.ap-chuncheon-1.oraclecloud.com' ([Errno 8] nodename nor servname provided, or not known)"))
1분 후 재시도합니다...

[2026-05-06 15:25:17] 상태 확인 중...
❌ 오류 발생: OCIConnectionPool(host='iaas.ap-chuncheon-1.oraclecloud.com', port=443): Max retries exceeded with url: /20160918/instances/?compartmentId=ocid1.tenancy.oc1..aaaaaaaanffd7jnemrvoaugzcrhw3qmqias7dnou5n42abi3tbfg5yrhaqpq (Caused by NameResolutionError("OCIConnection(host='iaas.ap-chuncheon-1.oraclecloud.com', port=443): Failed to resolve 'iaas.ap-chuncheon-1.oraclecloud.com' ([Errno 8] nodename nor servname provided, or not known)"))
1분 후 재시도합니다...

[2026-05-06 16:16:37] 상태 확인 중...
❌ 오류 발생: OCIConnectionPool(host='iaas.ap-chuncheon-1.oraclecloud.com', port=443): Max retries exceeded with url: /20160918/instances/?compartmentId=ocid1.tenancy.oc1..aaaaaaaanffd7jnemrvoaugzcrhw3qmqias7dnou5n42abi3tbfg5yrhaqpq (Caused by NameResolutionError("OCIConnection(host='iaas.ap-chuncheon-1.oraclecloud.com', port=443): Failed to resolve 'iaas.ap-chuncheon-1.oraclecloud.com' ([Errno 8] nodename nor servname provided, or not known)"))
1분 후 재시도합니다...

[2026-05-06 17:09:25] 상태 확인 중...
현재 활성 인스턴스 개수: 1 (전체 목록: 1)
[2026-05-06 17:09:25] 인스턴스 생성을 요청합니다...
실패 (상태 코드: 500)
{'code': 'InternalError', 'message': 'Out of host capacity.'}
1분 후 재시도합니다...

[2026-05-06 17:27:07] 상태 확인 중...
현재 활성 인스턴스 개수: 1 (전체 목록: 1)
[2026-05-06 17:27:08] 인스턴스 생성을 요청합니다...
실패 (상태 코드: 500)
{'code': 'InternalError', 'message': 'Out of host capacity.'}
1분 후 재시도합니다...

[2026-05-06 17:28:39] 상태 확인 중...
현재 활성 인스턴스 개수: 1 (전체 목록: 1)
[2026-05-06 17:28:39] 인스턴스 생성을 요청합니다...
실패 (상태 코드: 500)
{'code': 'InternalError', 'message': 'Out of host capacity.'}
1분 후 재시도합니다...

[2026-05-06 17:30:10] 상태 확인 중...
현재 활성 인스턴스 개수: 1 (전체 목록: 1)
[2026-05-06 17:30:11] 인스턴스 생성을 요청합니다...
실패 (상태 코드: 500)
{'code': 'InternalError', 'message': 'Out of host capacity.'}
1분 후 재시도합니다...

[2026-05-06 17:31:41] 상태 확인 중...
현재 활성 인스턴스 개수: 1 (전체 목록: 1)
[2026-05-06 17:31:42] 인스턴스 생성을 요청합니다...
실패 (상태 코드: 500)
{'code': 'InternalError', 'message': 'Out of host capacity.'}
1분 후 재시도합니다...

[2026-05-06 17:33:13] 상태 확인 중...
현재 활성 인스턴스 개수: 1 (전체 목록: 1)
[2026-05-06 17:33:13] 인스턴스 생성을 요청합니다...
실패 (상태 코드: 500)
{'code': 'InternalError', 'message': 'Out of host capacity.'}
1분 후 재시도합니다...

[2026-05-06 17:34:44] 상태 확인 중...
현재 활성 인스턴스 개수: 1 (전체 목록: 1)
[2026-05-06 17:34:44] 인스턴스 생성을 요청합니다...
실패 (상태 코드: 500)
{'code': 'InternalError', 'message': 'Out of host capacity.'}
1분 후 재시도합니다...

[2026-05-06 17:36:15] 상태 확인 중...
현재 활성 인스턴스 개수: 1 (전체 목록: 1)
[2026-05-06 17:36:15] 인스턴스 생성을 요청합니다...
실패 (상태 코드: 500)
{'code': 'InternalError', 'message': 'Out of host capacity.'}
1분 후 재시도합니다...

[2026-05-06 17:37:46] 상태 확인 중...
현재 활성 인스턴스 개수: 1 (전체 목록: 1)
[2026-05-06 17:37:46] 인스턴스 생성을 요청합니다...
실패 (상태 코드: 500)
{'code': 'InternalError', 'message': 'Out of host capacity.'}
1분 후 재시도합니다...

[2026-05-06 17:39:18] 상태 확인 중...
현재 활성 인스턴스 개수: 1 (전체 목록: 1)
[2026-05-06 17:39:18] 인스턴스 생성을 요청합니다...
실패 (상태 코드: 500)
{'code': 'InternalError', 'message': 'Out of host capacity.'}
1분 후 재시도합니다...

[2026-05-06 17:40:49] 상태 확인 중...
현재 활성 인스턴스 개수: 1 (전체 목록: 1)
[2026-05-06 17:40:49] 인스턴스 생성을 요청합니다...
실패 (상태 코드: 500)
{'code': 'InternalError', 'message': 'Out of host capacity.'}
1분 후 재시도합니다...

[2026-05-06 17:42:20] 상태 확인 중...
현재 활성 인스턴스 개수: 1 (전체 목록: 1)
[2026-05-06 17:42:20] 인스턴스 생성을 요청합니다...
실패 (상태 코드: 500)
{'code': 'InternalError', 'message': 'Out of host capacity.'}
1분 후 재시도합니다...

[2026-05-06 17:43:51] 상태 확인 중...
현재 활성 인스턴스 개수: 1 (전체 목록: 1)
[2026-05-06 17:43:52] 인스턴스 생성을 요청합니다...
실패 (상태 코드: 500)
{'code': 'InternalError', 'message': 'Out of host capacity.'}
1분 후 재시도합니다...

[2026-05-06 17:45:22] 상태 확인 중...
현재 활성 인스턴스 개수: 1 (전체 목록: 1)
[2026-05-06 17:45:23] 인스턴스 생성을 요청합니다...
실패 (상태 코드: 500)
{'code': 'InternalError', 'message': 'Out of host capacity.'}
1분 후 재시도합니다...

[2026-05-06 17:46:53] 상태 확인 중...
현재 활성 인스턴스 개수: 1 (전체 목록: 1)
[2026-05-06 17:46:54] 인스턴스 생성을 요청합니다...
실패 (상태 코드: 500)
{'code': 'InternalError', 'message': 'Out of host capacity.'}
1분 후 재시도합니다...

[2026-05-06 17:48:24] 상태 확인 중...
현재 활성 인스턴스 개수: 1 (전체 목록: 1)
[2026-05-06 17:48:25] 인스턴스 생성을 요청합니다...
실패 (상태 코드: 500)
{'code': 'InternalError', 'message': 'Out of host capacity.'}
1분 후 재시도합니다...

[2026-05-06 17:49:56] 상태 확인 중...
현재 활성 인스턴스 개수: 1 (전체 목록: 1)
[2026-05-06 17:49:56] 인스턴스 생성을 요청합니다...
실패 (상태 코드: 500)
{'code': 'InternalError', 'message': 'Out of host capacity.'}
1분 후 재시도합니다...

[2026-05-06 17:51:27] 상태 확인 중...
현재 활성 인스턴스 개수: 1 (전체 목록: 1)
[2026-05-06 17:51:27] 인스턴스 생성을 요청합니다...
실패 (상태 코드: 500)
{'code': 'InternalError', 'message': 'Out of host capacity.'}
1분 후 재시도합니다...

[2026-05-06 17:52:58] 상태 확인 중...
현재 활성 인스턴스 개수: 1 (전체 목록: 1)
[2026-05-06 17:52:58] 인스턴스 생성을 요청합니다...
실패 (상태 코드: 500)
{'code': 'InternalError', 'message': 'Out of host capacity.'}
1분 후 재시도합니다...

[2026-05-06 17:54:29] 상태 확인 중...
현재 활성 인스턴스 개수: 1 (전체 목록: 1)
[2026-05-06 17:54:29] 인스턴스 생성을 요청합니다...
실패 (상태 코드: 500)
{'code': 'InternalError', 'message': 'Out of host capacity.'}
1분 후 재시도합니다...

[2026-05-06 17:56:00] 상태 확인 중...
현재 활성 인스턴스 개수: 1 (전체 목록: 1)
[2026-05-06 17:56:00] 인스턴스 생성을 요청합니다...
실패 (상태 코드: 500)
{'code': 'InternalError', 'message': 'Out of host capacity.'}
1분 후 재시도합니다...

[2026-05-06 17:57:31] 상태 확인 중...
현재 활성 인스턴스 개수: 1 (전체 목록: 1)
[2026-05-06 17:57:32] 인스턴스 생성을 요청합니다...
실패 (상태 코드: 500)
{'code': 'InternalError', 'message': 'Out of host capacity.'}
1분 후 재시도합니다...

[2026-05-06 17:59:03] 상태 확인 중...
현재 활성 인스턴스 개수: 1 (전체 목록: 1)
[2026-05-06 17:59:03] 인스턴스 생성을 요청합니다...
실패 (상태 코드: 500)
{'code': 'InternalError', 'message': 'Out of host capacity.'}
1분 후 재시도합니다...

[2026-05-06 18:00:34] 상태 확인 중...
현재 활성 인스턴스 개수: 1 (전체 목록: 1)
[2026-05-06 18:00:34] 인스턴스 생성을 요청합니다...
실패 (상태 코드: 500)
{'code': 'InternalError', 'message': 'Out of host capacity.'}
1분 후 재시도합니다...

[2026-05-06 18:02:05] 상태 확인 중...
현재 활성 인스턴스 개수: 1 (전체 목록: 1)
[2026-05-06 18:02:06] 인스턴스 생성을 요청합니다...
실패 (상태 코드: 500)
{'code': 'InternalError', 'message': 'Out of host capacity.'}
1분 후 재시도합니다...

[2026-05-06 18:17:23] 상태 확인 중...
현재 활성 인스턴스 개수: 1 (전체 목록: 1)
[2026-05-06 18:17:24] 인스턴스 생성을 요청합니다...
실패 (상태 코드: 500)
{'code': 'InternalError', 'message': 'Out of host capacity.'}
1분 후 재시도합니다...

[2026-05-06 19:43:22] 상태 확인 중...
현재 활성 인스턴스 개수: 1 (전체 목록: 1)
[2026-05-06 19:43:22] 인스턴스 생성을 요청합니다...
실패 (상태 코드: 500)
{'code': 'InternalError', 'message': 'Out of host capacity.'}
1분 후 재시도합니다...

[2026-05-06 20:16:09] 상태 확인 중...
현재 활성 인스턴스 개수: 1 (전체 목록: 1)
[2026-05-06 20:16:09] 인스턴스 생성을 요청합니다...
실패 (상태 코드: 500)
{'code': 'InternalError', 'message': 'Out of host capacity.'}
1분 후 재시도합니다...

[2026-05-06 21:00:20] 상태 확인 중...
현재 활성 인스턴스 개수: 1 (전체 목록: 1)
[2026-05-06 21:00:21] 인스턴스 생성을 요청합니다...
실패 (상태 코드: 500)
{'code': 'InternalError', 'message': 'Out of host capacity.'}
1분 후 재시도합니다...

[2026-05-06 21:40:02] 상태 확인 중...
현재 활성 인스턴스 개수: 1 (전체 목록: 1)
[2026-05-06 21:40:02] 인스턴스 생성을 요청합니다...
실패 (상태 코드: 500)
{'code': 'InternalError', 'message': 'Out of host capacity.'}
1분 후 재시도합니다...

[2026-05-06 22:10:42] 상태 확인 중...
현재 활성 인스턴스 개수: 1 (전체 목록: 1)
[2026-05-06 22:10:43] 인스턴스 생성을 요청합니다...
실패 (상태 코드: 500)
{'code': 'InternalError', 'message': 'Out of host capacity.'}
1분 후 재시도합니다...

[2026-05-06 23:06:07] 상태 확인 중...
현재 활성 인스턴스 개수: 1 (전체 목록: 1)
[2026-05-06 23:06:07] 인스턴스 생성을 요청합니다...
실패 (상태 코드: 500)
{'code': 'InternalError', 'message': 'Out of host capacity.'}
1분 후 재시도합니다...

[2026-05-06 23:24:27] 상태 확인 중...
현재 활성 인스턴스 개수: 1 (전체 목록: 1)
[2026-05-06 23:24:28] 인스턴스 생성을 요청합니다...
실패 (상태 코드: 500)
{'code': 'InternalError', 'message': 'Out of host capacity.'}
1분 후 재시도합니다...

[2026-05-06 23:36:25] 상태 확인 중...
현재 활성 인스턴스 개수: 1 (전체 목록: 1)
[2026-05-06 23:36:25] 인스턴스 생성을 요청합니다...
실패 (상태 코드: 500)
{'code': 'InternalError', 'message': 'Out of host capacity.'}
1분 후 재시도합니다...

[2026-05-06 23:37:56] 상태 확인 중...
현재 활성 인스턴스 개수: 1 (전체 목록: 1)
[2026-05-06 23:37:57] 인스턴스 생성을 요청합니다...
실패 (상태 코드: 500)
{'code': 'InternalError', 'message': 'Out of host capacity.'}
1분 후 재시도합니다...

[2026-05-06 23:39:27] 상태 확인 중...
현재 활성 인스턴스 개수: 1 (전체 목록: 1)
[2026-05-06 23:39:28] 인스턴스 생성을 요청합니다...
실패 (상태 코드: 500)
{'code': 'InternalError', 'message': 'Out of host capacity.'}
1분 후 재시도합니다...

[2026-05-06 23:40:59] 상태 확인 중...
현재 활성 인스턴스 개수: 1 (전체 목록: 1)
[2026-05-06 23:40:59] 인스턴스 생성을 요청합니다...
실패 (상태 코드: 500)
{'code': 'InternalError', 'message': 'Out of host capacity.'}
1분 후 재시도합니다...

[2026-05-06 23:42:30] 상태 확인 중...
현재 활성 인스턴스 개수: 1 (전체 목록: 1)
[2026-05-06 23:42:30] 인스턴스 생성을 요청합니다...
실패 (상태 코드: 500)
{'code': 'InternalError', 'message': 'Out of host capacity.'}
1분 후 재시도합니다...

[2026-05-06 23:44:01] 상태 확인 중...
현재 활성 인스턴스 개수: 1 (전체 목록: 1)
[2026-05-06 23:44:01] 인스턴스 생성을 요청합니다...
실패 (상태 코드: 500)
{'code': 'InternalError', 'message': 'Out of host capacity.'}
1분 후 재시도합니다...

[2026-05-06 23:45:32] 상태 확인 중...
현재 활성 인스턴스 개수: 1 (전체 목록: 1)
[2026-05-06 23:45:32] 인스턴스 생성을 요청합니다...
실패 (상태 코드: 500)
{'code': 'InternalError', 'message': 'Out of host capacity.'}
1분 후 재시도합니다...

[2026-05-06 23:47:03] 상태 확인 중...
현재 활성 인스턴스 개수: 1 (전체 목록: 1)
[2026-05-06 23:47:03] 인스턴스 생성을 요청합니다...
실패 (상태 코드: 500)
{'code': 'InternalError', 'message': 'Out of host capacity.'}
1분 후 재시도합니다...

[2026-05-06 23:48:34] 상태 확인 중...
현재 활성 인스턴스 개수: 1 (전체 목록: 1)
[2026-05-06 23:48:35] 인스턴스 생성을 요청합니다...
실패 (상태 코드: 500)
{'code': 'InternalError', 'message': 'Out of host capacity.'}
1분 후 재시도합니다...

[2026-05-06 23:50:05] 상태 확인 중...
현재 활성 인스턴스 개수: 1 (전체 목록: 1)
[2026-05-06 23:50:05] 인스턴스 생성을 요청합니다...
실패 (상태 코드: 500)
{'code': 'InternalError', 'message': 'Out of host capacity.'}
1분 후 재시도합니다...

[2026-05-06 23:51:36] 상태 확인 중...
현재 활성 인스턴스 개수: 1 (전체 목록: 1)
[2026-05-06 23:51:37] 인스턴스 생성을 요청합니다...
실패 (상태 코드: 500)
{'code': 'InternalError', 'message': 'Out of host capacity.'}
1분 후 재시도합니다...

[2026-05-06 23:53:07] 상태 확인 중...
현재 활성 인스턴스 개수: 1 (전체 목록: 1)
[2026-05-06 23:53:08] 인스턴스 생성을 요청합니다...
실패 (상태 코드: 500)
{'code': 'InternalError', 'message': 'Out of host capacity.'}
1분 후 재시도합니다...

[2026-05-06 23:54:39] 상태 확인 중...
현재 활성 인스턴스 개수: 1 (전체 목록: 1)
[2026-05-06 23:54:39] 인스턴스 생성을 요청합니다...
실패 (상태 코드: 500)
{'code': 'InternalError', 'message': 'Out of host capacity.'}
1분 후 재시도합니다...

[2026-05-06 23:56:10] 상태 확인 중...
현재 활성 인스턴스 개수: 1 (전체 목록: 1)
[2026-05-06 23:56:10] 인스턴스 생성을 요청합니다...
실패 (상태 코드: 500)
{'code': 'InternalError', 'message': 'Out of host capacity.'}
1분 후 재시도합니다...

[2026-05-06 23:57:41] 상태 확인 중...
현재 활성 인스턴스 개수: 1 (전체 목록: 1)
[2026-05-06 23:57:42] 인스턴스 생성을 요청합니다...
실패 (상태 코드: 500)
{'code': 'InternalError', 'message': 'Out of host capacity.'}
1분 후 재시도합니다...

[2026-05-06 23:59:24] 상태 확인 중...
현재 활성 인스턴스 개수: 1 (전체 목록: 1)
[2026-05-06 23:59:24] 인스턴스 생성을 요청합니다...
실패 (상태 코드: 500)
{'code': 'InternalError', 'message': 'Out of host capacity.'}
1분 후 재시도합니다...

[2026-05-07 00:00:55] 상태 확인 중...
현재 활성 인스턴스 개수: 1 (전체 목록: 1)
[2026-05-07 00:00:55] 인스턴스 생성을 요청합니다...
실패 (상태 코드: 500)
{'code': 'InternalError', 'message': 'Out of host capacity.'}
1분 후 재시도합니다...

[2026-05-07 00:02:26] 상태 확인 중...
현재 활성 인스턴스 개수: 1 (전체 목록: 1)
[2026-05-07 00:02:27] 인스턴스 생성을 요청합니다...
실패 (상태 코드: 500)
{'code': 'InternalError', 'message': 'Out of host capacity.'}
1분 후 재시도합니다...

[2026-05-07 00:20:26] 상태 확인 중...
현재 활성 인스턴스 개수: 1 (전체 목록: 1)
[2026-05-07 00:20:26] 인스턴스 생성을 요청합니다...
실패 (상태 코드: 500)
{'code': 'InternalError', 'message': 'Out of host capacity.'}
1분 후 재시도합니다...

[2026-05-07 01:49:29] 상태 확인 중...
현재 활성 인스턴스 개수: 1 (전체 목록: 1)
[2026-05-07 01:49:30] 인스턴스 생성을 요청합니다...
실패 (상태 코드: 500)
{'code': 'InternalError', 'message': 'Out of host capacity.'}
1분 후 재시도합니다...

[2026-05-07 03:43:24] 상태 확인 중...
현재 활성 인스턴스 개수: 1 (전체 목록: 1)
[2026-05-07 03:43:24] 인스턴스 생성을 요청합니다...
실패 (상태 코드: 500)
{'code': 'InternalError', 'message': 'Out of host capacity.'}
1분 후 재시도합니다...

[2026-05-07 05:54:08] 상태 확인 중...
현재 활성 인스턴스 개수: 1 (전체 목록: 1)
[2026-05-07 05:54:09] 인스턴스 생성을 요청합니다...
실패 (상태 코드: 500)
{'code': 'InternalError', 'message': 'Out of host capacity.'}
1분 후 재시도합니다...

[2026-05-07 07:36:26] 상태 확인 중...
현재 활성 인스턴스 개수: 1 (전체 목록: 1)
[2026-05-07 07:36:27] 인스턴스 생성을 요청합니다...
실패 (상태 코드: 500)
{'code': 'InternalError', 'message': 'Out of host capacity.'}
1분 후 재시도합니다...

[2026-05-07 09:19:31] 상태 확인 중...
현재 활성 인스턴스 개수: 1 (전체 목록: 1)
[2026-05-07 09:19:31] 인스턴스 생성을 요청합니다...
실패 (상태 코드: 500)
{'code': 'InternalError', 'message': 'Out of host capacity.'}
1분 후 재시도합니다...

[2026-05-07 10:52:31] 상태 확인 중...
현재 활성 인스턴스 개수: 1 (전체 목록: 1)
[2026-05-07 10:52:31] 인스턴스 생성을 요청합니다...
🎉 성공! 상태 코드: 200
{'availabilityDomain': 'MZoR:AP-CHUNCHEON-1-AD-1', 'capacityReservationId': None, 'compartmentId': 'ocid1.tenancy.oc1..aaaaaaaanffd7jnemrvoaugzcrhw3qmqias7dnou5n42abi3tbfg5yrhaqpq', 'placementConstraintDetails': None, 'isAIEnterpriseEnabled': None, 'clusterPlacementGroupId': None, 'dedicatedVmHostId': None, 'definedTags': {'Oracle-Tags': {'CreatedBy': 'default/lee04jinwoo@gmail.com', 'CreatedOn': '2026-05-07T01:52:31.976Z'}}, 'securityAttributes': {}, 'securityAttributesState': 'STABLE', 'displayName': 'instance-20260503-0934', 'extendedMetadata': {}, 'faultDomain': 'FAULT-DOMAIN-1', 'freeformTags': {}, 'id': 'ocid1.instance.oc1.ap-chuncheon-1.an4w4ljrjnmjxdqcrqseut63x76sxn3ufhoikx2awwy5anhx7m4ew2lfkkpq', 'imageId': 'ocid1.image.oc1.ap-chuncheon-1.aaaaaaaarsxbxzwhedbxyi5wxg2tlahgymysvhejzvktg52r7tt77qizvwra', 'ipxeScript': None, 'launchMode': 'PARAVIRTUALIZED', 'launchOptions': {'bootVolumeType': 'PARAVIRTUALIZED', 'firmware': 'UEFI_64', 'networkType': 'PARAVIRTUALIZED', 'remoteDataVolumeType': 'PARAVIRTUALIZED', 'isPvEncryptionInTransitEnabled': True, 'isEncryptionInTransitEnabled': None, 'isConsistentVolumeNamingEnabled': True}, 'instanceOptions': {'areLegacyImdsEndpointsDisabled': True}, 'availabilityConfig': {'isLiveMigrationPreferred': None, 'recoveryAction': 'RESTORE_INSTANCE'}, 'preemptibleInstanceConfig': None, 'lifecycleState': 'PROVISIONING', 'metadata': {'ssh_authorized_keys': 'ssh-rsa AAAAB3NzaC1yc2EAAAADAQABAAABAQCw+ghNY84xzbM9HOpfnT6OdRfYWi2qzufnYhOvw2PwR4WirSgTmABGBWHwmcEoPm0sgeHC7tnN0k+oNlR3yW976Pg7KpW/wNxe+zXkqeOr5oyKZ2UNuIfoV9BrvFKlwAcxhOHMY1E/oGiW2Kglh4b9cLCpPCSsFm5SoMx7QLxIYr2v1bUZUNpvY+VuIy5uo+K3IGEA9/f5bakXm3M9L402LcL3DNWfjd6XPedMWbpR6nPUtXy+XvR3j0ecpM4e//Y13rw3EC0sgDbZOQfcqk+T5dmy+aJMg9lPPpayq9TwlPFGv0+tHnm2SXJc3dcbP4PVc17GCW0cCe7KyGjAnToD ssh-key-2026-05-05'}, 'region': 'ap-chuncheon-1', 'shape': 'VM.Standard.A1.Flex', 'shapeConfig': {'ocpus': 1.0, 'memoryInGBs': 6.0, 'baselineOcpuUtilization': None, 'processorDescription': '3.0 GHz Ampere® Altra™', 'networkingBandwidthInGbps': 1.0, 'maxVnicAttachments': 2, 'gpus': 0, 'gpuDescription': None, 'localDisks': 0, 'localDisksTotalSizeInGBs': None, 'localDiskDescription': None, 'vcpus': 1, 'resourceManagement': None, 'localVolumeSizeInGBs': None}, 'isCrossNumaNode': False, 'sourceDetails': {'sourceType': 'image', 'bootVolumeSizeInGBs': None, 'imageId': 'ocid1.image.oc1.ap-chuncheon-1.aaaaaaaarsxbxzwhedbxyi5wxg2tlahgymysvhejzvktg52r7tt77qizvwra', 'kmsKeyId': None, 'bootVolumeVpusPerGB': None, 'instanceSourceImageFilterDetails': None}, 'systemTags': {}, 'timeCreated': '2026-05-07T01:52:32.377Z', 'agentConfig': {'isMonitoringDisabled': False, 'isManagementDisabled': False, 'areAllPluginsDisabled': False, 'pluginsConfig': [{'name': 'WebLogic Management Service', 'desiredState': 'DISABLED'}, {'name': 'Vulnerability Scanning', 'desiredState': 'DISABLED'}, {'name': 'Oracle Java Management Service', 'desiredState': 'DISABLED'}, {'name': 'OS Management Hub Agent', 'desiredState': 'DISABLED'}, {'name': 'Management Agent', 'desiredState': 'DISABLED'}, {'name': 'Fleet Application Management Service', 'desiredState': 'DISABLED'}, {'name': 'Custom Logs Monitoring', 'desiredState': 'ENABLED'}, {'name': 'Compute RDMA GPU Monitoring', 'desiredState': 'DISABLED'}, {'name': 'Compute Instance Run Command', 'desiredState': 'ENABLED'}, {'name': 'Compute Instance Monitoring', 'desiredState': 'ENABLED'}, {'name': 'Compute HPC RDMA Auto-Configuration', 'desiredState': 'DISABLED'}, {'name': 'Compute HPC RDMA Authentication', 'desiredState': 'DISABLED'}, {'name': 'Cloud Guard Workload Protection', 'desiredState': 'ENABLED'}, {'name': 'Block Volume Management', 'desiredState': 'DISABLED'}, {'name': 'Bastion', 'desiredState': 'DISABLED'}]}, 'timeMaintenanceRebootDue': None, 'timeStopScheduled': None, 'preferredMaintenanceAction': None, 'platformConfig': None, 'instanceConfigurationId': None, 'licensingConfigs': None}
